>>>> [1] group_5 <<<<
pixel (70 198): expected 0 0 0 got 255 255 255
